mode: set
github.com/DanielVR99/calculator-api/calculator.go:9.2,9.19 1 1
github.com/DanielVR99/calculator-api/calculator.go:11.3,11.20 1 1
github.com/DanielVR99/calculator-api/calculator.go:13.3,13.20 1 1
github.com/DanielVR99/calculator-api/calculator.go:15.3,15.20 1 1
github.com/DanielVR99/calculator-api/calculator.go:17.3,17.13 1 1
github.com/DanielVR99/calculator-api/calculator.go:18.4,19.1 1 1
github.com/DanielVR99/calculator-api/calculator.go:20.3,20.20 1 1
github.com/DanielVR99/calculator-api/calculator.go:22.3,22.51 1 1
github.com/DanielVR99/calculator-api/calculator.go:24.3,24.12 1 1
github.com/DanielVR99/calculator-api/calculator.go:25.4,26.1 1 1
github.com/DanielVR99/calculator-api/calculator.go:27.3,27.49 1 1
github.com/DanielVR99/calculator-api/calculator.go:29.3,29.44 1 1
github.com/DanielVR99/calculator-api/main.go:19.2,20.1 3 0
github.com/DanielVR99/calculator-api/main.go:21.2,22.1 3 0
github.com/DanielVR99/calculator-api/main.go:23.2,23.58 3 0
github.com/DanielVR99/calculator-api/main.go:24.3,25.1 1 0
github.com/DanielVR99/calculator-api/main.go:29.2,31.1 3 1
github.com/DanielVR99/calculator-api/main.go:32.2,32.36 3 1
github.com/DanielVR99/calculator-api/main.go:33.3,35.1 2 0
github.com/DanielVR99/calculator-api/main.go:37.2,37.33 1 1
github.com/DanielVR99/calculator-api/main.go:38.3,40.1 2 1
github.com/DanielVR99/calculator-api/main.go:42.2,43.16 2 1
github.com/DanielVR99/calculator-api/main.go:44.3,46.1 2 0
github.com/DanielVR99/calculator-api/main.go:48.2,49.16 2 1
github.com/DanielVR99/calculator-api/main.go:50.3,52.1 2 0
github.com/DanielVR99/calculator-api/main.go:54.2,55.1 3 1
github.com/DanielVR99/calculator-api/main.go:56.2,57.1 3 1
github.com/DanielVR99/calculator-api/main.go:58.2,58.16 3 1
github.com/DanielVR99/calculator-api/main.go:59.3,61.1 2 1
github.com/DanielVR99/calculator-api/main.go:63.2,64.64 2 1
github.com/DanielVR99/calculator-api/main.go:69.2,72.1 3 1
